// Jest Snapshot v1, https://goo.gl/fbAQLP

exports[`renders homepage unchanged 1`] = `
<div>
  <div
    class="index"
  >
    <h1
      class="text-3xl font-bold underline"
    >
      Operations Platform
    </h1>
    <form
      class="center"
    >
      <input
        name="email"
        placeholder="Email"
        required=""
        type="email"
      />
      <br />
      <input
        name="password"
        placeholder="Password"
        required=""
        type="password"
      />
      <br />
      <button
        type="submit"
      >
        Login
      </button>
      <br />
    </form>
  </div>
</div>
`;
